// Jest Snapshot v1, https://goo.gl/fbAQLP

exports[`should render AddNotePage correctly 1`] = `
<div>
  <NoteForm
    onSubmit={[Function]}
  />
</div>
`;
