// Jest Snapshot v1, https://goo.gl/fbAQLP

exports[`should render LoadingPage correctly 1`] = `
<div
  className="loading-page"
>
  <div
    className="loading-page__loader"
  />
</div>
`;
