// Jest Snapshot v1, https://goo.gl/fbAQLP

exports[`should render LoginPage correctly 1`] = `
<div
  className="login-page__background"
>
  <div
    className="login-page text-center"
  >
    <h1
      className="login-page__title"
    >
      milenote
    </h1>
    <p
      className="login-page__m-text"
    >
      Login or create an account by pressing
      <br />
       the button below!
    </p>
    <button
      className="login-page__login-btn"
    >
      Enter with Google
    </button>
    <p
      className="login-page__s-text"
    >
      <small>
        At the moment it's only possible with
        <br />
         a Google account
      </small>
    </p>
  </div>
</div>
`;
