// Jest Snapshot v1, https://goo.gl/fbAQLP

exports[`should render NotFoundPage correctly 1`] = `
<div>
  <p>
    404!
  </p>
  <Link
    replace={false}
    to="/"
  >
    Go to dashboard
  </Link>
</div>
`;
